<?xml version="1.0" encoding="UTF-8"?>
<TestRun id="8b8eb4b3-a5f0-4f44-b174-6bd8de3fed49" name="david.weaver@DAVIDWEAVER02 2011-03-30 13:31:06" runUser="davidweaver02\david.weaver" xmlns="http://microsoft.com/schemas/VisualStudio/TeamTest/2010">
  <TestSettings name="Local" id="b6106732-363e-4586-9cac-afe21d15a702">
    <Description>These are default test settings for a local test run.</Description>
    <Deployment userDeploymentRoot="D:\Working\Loggr\src\tools\agents\loggr-dotnet\TestResults" useDefaultDeploymentRoot="false" enabled="false" runDeploymentRoot="david.weaver_DAVIDWEAVER02 2011-03-30 13_31_06">
      <DeploymentItem filename="D:\Working\Loggr\src\tools\agents\loggr-dotnet\loggr-dotnet\bin\Debug\loggr-dotnet.dll" />
    </Deployment>
    <Execution>
      <TestTypeSpecific />
      <AgentRule name="Execution Agents">
      </AgentRule>
    </Execution>
  </TestSettings>
  <Times creation="2011-03-30T13:31:06.5966133-04:00" queuing="2011-03-30T13:31:07.9636915-04:00" start="2011-03-30T13:31:08.0796981-04:00" finish="2011-03-30T13:31:43.4747226-04:00" />
  <ResultSummary outcome="Failed">
    <Counters total="1" executed="1" error="0" failed="1" timeout="0" aborted="0" inconclusive="0" passedButRunAborted="0" notRunnable="0" notExecuted="0" disconnected="0" warning="0" passed="0" completed="0" inProgress="0" pending="0" />
  </ResultSummary>
  <TestDefinitions>
    <UnitTest name="Inheritance_Base" storage="d:\working\loggr\src\tools\agents\loggr-dotnet\tests\bin\debug\tests.dll" id="c45617f1-db0a-92f8-b074-31907302d8fc">
      <Execution id="1a91ad0b-1d8a-4c4a-9b5f-43b9606f039c" />
      <TestMethod codeBase="D:/Working/Loggr/src/tools/agents/loggr-dotnet/tests/bin/Debug/tests.DLL" adapterTypeName="Microsoft.VisualStudio.TestTools.TestTypes.Unit.UnitTestAdapter, Microsoft.VisualStudio.QualityTools.Tips.UnitTest.Adapter, Version=10.0.0.0, Culture=neutral, PublicKeyToken=b03f5f7f11d50a3a" className="tests.Inheritance, tests, Version=1.0.0.0, Culture=neutral, PublicKeyToken=null" name="Inheritance_Base" />
    </UnitTest>
  </TestDefinitions>
  <TestLists>
    <TestList name="Results Not in a List" id="8c84fa94-04c1-424b-9868-57a2d4851a1d" />
    <TestList name="All Loaded Results" id="19431567-8539-422a-85d7-44ee4e166bda" />
  </TestLists>
  <TestEntries>
    <TestEntry testId="c45617f1-db0a-92f8-b074-31907302d8fc" executionId="1a91ad0b-1d8a-4c4a-9b5f-43b9606f039c" testListId="8c84fa94-04c1-424b-9868-57a2d4851a1d" />
  </TestEntries>
  <Results>
    <UnitTestResult executionId="1a91ad0b-1d8a-4c4a-9b5f-43b9606f039c" testId="c45617f1-db0a-92f8-b074-31907302d8fc" testName="Inheritance_Base" computerName="DAVIDWEAVER02" duration="00:00:33.9357932" startTime="2011-03-30T13:31:08.1887043-04:00" endTime="2011-03-30T13:31:43.3967181-04:00" testType="13cdc9d9-ddb5-4fa4-a97d-d965ccfc6d4b" outcome="Failed" testListId="8c84fa94-04c1-424b-9868-57a2d4851a1d" relativeResultsDirectory="1a91ad0b-1d8a-4c4a-9b5f-43b9606f039c">
      <Output>
        <ErrorInfo>
          <Message>Test method tests.Inheritance.Inheritance_Base threw exception: 
System.NullReferenceException: Object reference not set to an instance of an object.</Message>
          <StackTrace>    at Loggr.FluentEvent`1.Link(String Link) in D:\Working\Loggr\src\tools\agents\loggr-dotnet\loggr-dotnet\FluentEvent.cs:line 84
   at tests.Inheritance.Inheritance_Base() in D:\Working\Loggr\src\tools\agents\loggr-dotnet\tests\Inheritance.cs:line 25
</StackTrace>
        </ErrorInfo>
      </Output>
    </UnitTestResult>
  </Results>
</TestRun>